// Vitest Snapshot v1, https://vitest.dev/guide/snapshot.html

exports[`matches snapshot 1`] = `
<div>
  <header
    class="fixed top-6 left-1/2 transform -translate-x-1/2 w-[92%] max-w-[1400px] bg-[#fff9f0] rounded-2xl shadow-lg px-6 py-4 flex items-center justify-between z-50"
  >
    <div
      class="text-2xl text-[#303030] tracking-tight"
    >
      Nutri-Uni
    </div>
    <div
      class="relative w-120 gap-60"
    >
      <input
        class="file:text-foreground placeholder:text-muted-foreground selection:bg-primary selection:text-primary-foreground dark:bg-input/30 flex h-9 w-full min-w-0 px-3 text-base shadow-xs transition-[color,box-shadow] outline-none file:inline-flex file:h-7 file:border-0 file:bg-transparent file:text-sm file:font-medium disabled:pointer-events-none disabled:cursor-not-allowed disabled:opacity-50 md:text-sm focus-visible:border-ring focus-visible:ring-ring/50 focus-visible:ring-[3px] aria-invalid:ring-destructive/20 dark:aria-invalid:ring-destructive/40 aria-invalid:border-destructive bg-white border border-[#e5dcdc] rounded-[10px] pl-10 py-2"
        data-slot="input"
        placeholder="Search meals by name, ingredient, or dietary category"
        value=""
      />
      <svg
        class="lucide lucide-search absolute left-3 top-1/2 transform -translate-y-1/2 h-5 w-5 text-gray-400"
        fill="none"
        height="24"
        stroke="currentColor"
        stroke-linecap="round"
        stroke-linejoin="round"
        stroke-width="2"
        viewBox="0 0 24 24"
        width="24"
        xmlns="http://www.w3.org/2000/svg"
      >
        <circle
          cx="11"
          cy="11"
          r="8"
        />
        <path
          d="m21 21-4.3-4.3"
        />
      </svg>
    </div>
    <div
      class="flex items-center gap-8"
    >
      <nav
        class="flex gap-6 font-medium text-sm"
      >
        <button
          class="hover:underline text-[#303030]"
        >
          Week's Menu
        </button>
      </nav>
      <svg
        class="lucide lucide-circle-user h-6 w-6 text-[#F9A826]"
        fill="none"
        height="24"
        stroke="currentColor"
        stroke-linecap="round"
        stroke-linejoin="round"
        stroke-width="2"
        viewBox="0 0 24 24"
        width="24"
        xmlns="http://www.w3.org/2000/svg"
      >
        <circle
          cx="12"
          cy="12"
          r="10"
        />
        <circle
          cx="12"
          cy="10"
          r="3"
        />
        <path
          d="M7 20.662V19a2 2 0 0 1 2-2h6a2 2 0 0 1 2 2v1.662"
        />
      </svg>
    </div>
  </header>
  <div
    class="pt-20 px-4 md:px-6 lg:px-8"
  >
    <div
      class="w-full max-w-[1600px] mx-auto space-y-6"
    >
      <h1
        class="text-2xl font-header-primary text-[#303030]"
      >
        Hello 
        there
        ,
      </h1>
      <div
        class="space-y-8"
      >
        <h2
          class="text-xl font-medium text-left"
        >
          Please select your dining hall:
        </h2>
        <div
          class="flex flex-col gap-4"
        >
          <button
            class="w-full p-6 rounded-xl shadow-sm bg-[#ebf6f7] hover:bg-[#bde6ea] transition-colors text-center"
          >
            <div
              class="text-xl font-medium"
            >
              D1
            </div>
          </button>
        </div>
      </div>
    </div>
  </div>
</div>
`;
